// Jest Snapshot v1, https://goo.gl/fbAQLP

exports[`<Heading /> should render the heading 1`] = `
.c0 {
  color: #333;
}

<h1
  class="c0"
>
  Hello World
</h1>
`;
